[www.thelondondolls.com/index.html]
[backblue.gif]
[fade.gif]
[index.html]
[www.thelondondolls.com/homea409]
[www.thelondondolls.com/cart.html]
[www.thelondondolls.com/search.html]
[www.thelondondolls.com/booking.html]
[www.thelondondolls.com/academy.html]
[www.thelondondolls.com/shop.html]
[www.thelondondolls.com/about.html]
[www.thelondondolls.com/blog.html]
[www.thelondondolls.com/contact.html]
[www.thelondondolls.com/price-list.html]
[www.thelondondolls.com/lashes.html]
[www.thelondondolls.com/brows.html]
[www.thelondondolls.com/permanent-makeup.html]
[www.thelondondolls.com/faq.html]
[www.thelondondolls.com/press-1.html]
[www.thelondondolls.com/collaborations.html]
[www.thelondondolls.com/parties-1.html]
[www.thelondondolls.com/index.html]
[www.thelondondolls.com/assets/ui-icons.svg]
[www.thelondondolls.com/cart.html]
[www.thelondondolls.com/search.html]
[www.thelondondolls.com/home.html]
[www.thelondondolls.com/bookinga409]
[www.thelondondolls.com/booking.html]
[www.thelondondolls.com/academya409]
[www.thelondondolls.com/academy.html]
[www.thelondondolls.com/shopbe76.html]
[www.thelondondolls.com/shop4987.html]
[www.thelondondolls.com/shopee32.html]
[www.thelondondolls.com/shop/revitalash-advanced-eyelash-conditioner-growth-serum-2ml.html]
[www.thelondondolls.com/shop/nouveau-lash-and-brow-conditioning-serum.html]
[www.thelondondolls.com/shop/the-eyelash-emporium-freeze-frame-lash-sealant.html]
[www.thelondondolls.com/shop/lash-save-sleep-mask.html]
[www.thelondondolls.com/shop/gift-card.html]
[www.thelondondolls.com/shop/lash-lift-diploma-1-day-course-2nd-march-63xnm.html]
[www.thelondondolls.com/shop/classiceyelashextensionsdiploma-ebjwj-6hjxg.html]
[www.thelondondolls.com/shop/lash-lift-diploma-1-day-course-2nd-march.html]
[www.thelondondolls.com/shop/earth-to-you-jojoba-oil-100ml.html]
[www.thelondondolls.com/shop/earth-to-you-gua-sha-tool.html]
[www.thelondondolls.com/shop/rose-quartz-phone-stone.html]
[www.thelondondolls.com/shop/rose-quartz-phone-stone-4t8k7.html]
[www.thelondondolls.com/shop/rose-quartz-phone-stone-zpar7.html]
[www.thelondondolls.com/shop/rose-quartz-phone-stone-245f6.html]
[www.thelondondolls.com/shop/rose-quartz-phone-stone-245f6-ac6py.html]
[www.thelondondolls.com/shop/montamonta-all-purpose-balm.html]
[www.thelondondolls.com/shop/montamonta-hand-spray.html]
[www.thelondondolls.com/shop/earth-to-you-lip-mask.html]
[www.thelondondolls.com/shop/earth-to-you-night-balm.html]
[www.thelondondolls.com/shop/earth-to-you-castor-oil.html]
[www.thelondondolls.com/shop/earth-to-you-rose-facial-mist.html]
[www.thelondondolls.com/shop/earth-to-you-argun-oil.html]
[www.thelondondolls.com/shop.html]
[www.thelondondolls.com/shop/earth-to-you-natural-deodorant-balm.html]
[www.thelondondolls.com/abouta409]
[www.thelondondolls.com/about.html]
[www.thelondondolls.com/bloga409]
[www.thelondondolls.com/blog-archive/2020/5/6/lip-fillers-what-is-the-lowdown.html]
[www.thelondondolls.com/blog-archive/2020/5/1/how-to-stay-sane-during-a-lockdown.html]
[www.thelondondolls.com/blog-archive/2020/2/18/brow-wow.html]
[www.thelondondolls.com/blog.html]
[www.thelondondolls.com/blog-archive.html]
[www.thelondondolls.com/contacta409]
[www.thelondondolls.com/contact.html]
[www.thelondondolls.com/price-lista409]
[www.thelondondolls.com/price-list.html]
[www.thelondondolls.com/lashesa409]
[www.thelondondolls.com/lashes.html]
[www.thelondondolls.com/brows.html]
[www.thelondondolls.com/permanent-makeupa409]
[www.thelondondolls.com/permanent-makeup.html]
[www.thelondondolls.com/faqa409]
[www.thelondondolls.com/faq.html]
[www.thelondondolls.com/press-1.html]
[www.thelondondolls.com/collaborations.html]
[www.thelondondolls.com/parties-1.html]
[www.thelondondolls.com/home.html]
[www.thelondondolls.com/shopbe76.html]
[www.thelondondolls.com/shop4987.html]
[www.thelondondolls.com/shopee32.html]
[www.thelondondolls.com/shop/revitalash-advanced-eyelash-conditioner-growth-serum-2ml.html]
[www.thelondondolls.com/shop/nouveau-lash-and-brow-conditioning-serum.html]
[www.thelondondolls.com/shop/the-eyelash-emporium-freeze-frame-lash-sealant.html]
[www.thelondondolls.com/shop/lash-save-sleep-mask.html]
[www.thelondondolls.com/shop/gift-card.html]
[www.thelondondolls.com/shop/lash-lift-diploma-1-day-course-2nd-march-63xnm.html]
[www.thelondondolls.com/shop/classiceyelashextensionsdiploma-ebjwj-6hjxg.html]
[www.thelondondolls.com/shop/lash-lift-diploma-1-day-course-2nd-march.html]
[www.thelondondolls.com/shop/earth-to-you-jojoba-oil-100ml.html]
[www.thelondondolls.com/shop/earth-to-you-gua-sha-tool.html]
[www.thelondondolls.com/shop/rose-quartz-phone-stone.html]
[www.thelondondolls.com/shop/rose-quartz-phone-stone-4t8k7.html]
[www.thelondondolls.com/shop/rose-quartz-phone-stone-zpar7.html]
[www.thelondondolls.com/shop/rose-quartz-phone-stone-245f6.html]
[www.thelondondolls.com/shop/rose-quartz-phone-stone-245f6-ac6py.html]
[www.thelondondolls.com/shop/montamonta-all-purpose-balm.html]
[www.thelondondolls.com/shop/montamonta-hand-spray.html]
[www.thelondondolls.com/shop/earth-to-you-lip-mask.html]
[www.thelondondolls.com/shop/earth-to-you-night-balm.html]
[www.thelondondolls.com/shop/earth-to-you-castor-oil.html]
[www.thelondondolls.com/shop/earth-to-you-rose-facial-mist.html]
[www.thelondondolls.com/shop/earth-to-you-argun-oil.html]
[www.thelondondolls.com/shop/earth-to-you-natural-deodorant-balm.html]
[www.thelondondolls.com/blog-archivea409]
[www.thelondondolls.com/blog-archive/category/Aesthetics+clinic.html]
[www.thelondondolls.com/blog-archive918e.html]
[www.thelondondolls.com/blog-archive/tag/lip+fillers.html]
[www.thelondondolls.com/blog-archive/tag/lip+augmentation.html]
[www.thelondondolls.com/blog-archive/tag/dermal+fillers.html]
[www.thelondondolls.com/blog-archive/tag/botox.html]
[www.thelondondolls.com/blog-archive/tag/dermal+definition.html]
[www.thelondondolls.com/blog-archive/tag/beauty+academy.html]
[www.thelondondolls.com/blog-archive/tag/beauty+school.html]
[www.thelondondolls.com/blog-archive/tag/training+academy.html]
[www.thelondondolls.com/blog-archive/tag/london+lip+fillers.html]
[www.thelondondolls.com/blog-archive/tag/london+aesthetics+clinic.html]
[www.thelondondolls.com/blog-archive/tag/aesthetics+clinic.html]
[www.thelondondolls.com/blog-archive/tag/yacht.html]
[www.thelondondolls.com/blog-archive/tag/superyachts.html]
[www.thelondondolls.com/blog-archive/tag/anti-wrinkle.html]
[www.thelondondolls.com/blog-archive/tag/anti+age.html]
[www.thelondondolls.com/blog-archive/tag/anti+aging+london.html]
[www.thelondondolls.com/blog-archive/2020/5/6/lip-fillers-what-is-the-lowdown.html]
[www.thelondondolls.com/blog-archive/tag/body+love.html]
[www.thelondondolls.com/blog-archive/tag/coronavirus.html]
[www.thelondondolls.com/blog-archive/tag/covid-19.html]
[www.thelondondolls.com/blog-archive/tag/top+tips.html]
[www.thelondondolls.com/blog-archive/tag/the+London+dolls.html]
[www.thelondondolls.com/blog-archive/tag/popfit.html]
[www.thelondondolls.com/blog-archive/tag/baking.html]
[www.thelondondolls.com/blog-archive/tag/drawing.html]
[www.thelondondolls.com/blog-archive/tag/exercise.html]
[www.thelondondolls.com/blog-archive/tag/cycling.html]
[www.thelondondolls.com/blog-archive/tag/blog.html]
[www.thelondondolls.com/blog-archive/tag/lockdown.html]
[www.thelondondolls.com/blog-archive/tag/how+to+stay+sane.html]
[www.thelondondolls.com/blog-archive/tag/how+to+stay+sane+during+a+lockdown.html]
[www.thelondondolls.com/blog-archive/tag/eyelash+extensions.html]
[www.thelondondolls.com/blog-archive/tag/lash+extensions.html]
[www.thelondondolls.com/blog-archive/tag/brows.html]
[www.thelondondolls.com/blog-archive/tag/tld.html]
[www.thelondondolls.com/blog-archive/tag/making+beautiful+things+happen.html]
[www.thelondondolls.com/blog-archive/tag/lashes.html]
[www.thelondondolls.com/blog-archive/tag/tld+academy.html]
[www.thelondondolls.com/blog-archive/tag/eyebrows.html]
[www.thelondondolls.com/blog-archive/tag/picnic.html]
[www.thelondondolls.com/blog-archive/tag/date.html]
[www.thelondondolls.com/blog-archive/2020/5/1/how-to-stay-sane-during-a-lockdown.html]
[www.thelondondolls.com/blog-archive/tag/date+ideas.html]
[www.thelondondolls.com/shop/bybi-supercharge-serum-concentrated-active-formula.c5.delayed]
[www.thelondondolls.com/blog-archive/2020/2/18/brow-wow.html]
[www.thelondondolls.com/blog-archive/2019/2/21/spark-joy-london.html]
[www.thelondondolls.com/blog-archive/2018/10/30/sea.html]
[www.thelondondolls.com/blog-archive/2018/10/30/natural-textures.html]
[www.thelondondolls.com/blog-archive.html]
[www.thelondondolls.com/universal/svg/social-accounts.svg]
[www.thelondondolls.com/blog-archive/category/Aesthetics+clinic.html]
[www.thelondondolls.com/blog-archive3ac6.html]
[www.thelondondolls.com/blog-archive918e.html]
[www.thelondondolls.com/blog-archive/tag/lip+fillers.html]
[www.thelondondolls.com/blog-archive/tag/lip+augmentation.html]
[www.thelondondolls.com/blog-archive/tag/dermal+fillers.html]
[www.thelondondolls.com/blog-archive/tag/botox.html]
[www.thelondondolls.com/blog-archive/tag/dermal+definition.html]
[www.thelondondolls.com/blog-archive/tag/beauty+academy.html]
[www.thelondondolls.com/blog-archive/tag/beauty+school.html]
[www.thelondondolls.com/blog-archive/tag/training+academy.html]
[www.thelondondolls.com/blog-archive/tag/london+lip+fillers.html]
[www.thelondondolls.com/blog-archive/tag/london+aesthetics+clinic.html]
[www.thelondondolls.com/blog-archive/tag/aesthetics+clinic.html]
[www.thelondondolls.com/blog-archive/tag/yacht.html]
[www.thelondondolls.com/blog-archive/tag/superyachts.html]
[www.thelondondolls.com/blog-archive/tag/anti-wrinkle.html]
[www.thelondondolls.com/blog-archive/tag/anti+age.html]
[www.thelondondolls.com/blog-archive/tag/anti+aging+london.html]
[www.thelondondolls.com/blog-archive/tag/body+love.html]
[www.thelondondolls.com/blog-archive/tag/coronavirus.html]
[www.thelondondolls.com/blog-archive/tag/covid-19.html]
[www.thelondondolls.com/blog-archive/tag/top+tips.html]
[www.thelondondolls.com/blog-archive/tag/the+London+dolls.html]
[www.thelondondolls.com/blog-archive/tag/popfit.html]
[www.thelondondolls.com/blog-archive/tag/baking.html]
[www.thelondondolls.com/blog-archive/tag/drawing.html]
[www.thelondondolls.com/blog-archive/tag/exercise.html]
[www.thelondondolls.com/blog-archive/tag/cycling.html]
[www.thelondondolls.com/blog-archive/tag/blog.html]
[www.thelondondolls.com/blog-archive/tag/lockdown.html]
[www.thelondondolls.com/blog-archive/tag/how+to+stay+sane.html]
[www.thelondondolls.com/blog-archive/tag/how+to+stay+sane+during+a+lockdown.html]
[www.thelondondolls.com/blog-archive/tag/eyelash+extensions.html]
[www.thelondondolls.com/blog-archive/tag/lash+extensions.html]
[www.thelondondolls.com/blog-archive/tag/brows.html]
[www.thelondondolls.com/blog-archive/tag/tld.html]
[www.thelondondolls.com/blog-archive/tag/making+beautiful+things+happen.html]
[www.thelondondolls.com/blog-archive/tag/lashes.html]
[www.thelondondolls.com/blog-archive/tag/tld+academy.html]
[www.thelondondolls.com/blog-archive/tag/eyebrows.html]
[www.thelondondolls.com/blog-archive/tag/picnic.html]
[www.thelondondolls.com/blog-archive/tag/date.html]
[www.thelondondolls.com/blog-archive/tag/date+ideas.html]
[www.thelondondolls.com/shop/bybi-supercharge-serum-concentrated-active-formula.html]
[www.thelondondolls.com/blog-archive/2019/2/21/spark-joy-london.html]
[www.thelondondolls.com/blog-archive/2018/10/30/sea.html]
[www.thelondondolls.com/blog-archive7516.html]
[www.thelondondolls.com/blog-archive/2018/10/30/natural-textures.html]
[www.thelondondolls.com/blog-archive/2018/10/30/natural-textures-ekbkf.html]
[www.thelondondolls.com/blog-archive3ac6.html]
[www.thelondondolls.com/blog-archive297f.html]
[www.thelondondolls.com/blog-archive7516.html]
[www.thelondondolls.com/blog-archive/2018/10/30/natural-textures-ekbkf.html]
[www.thelondondolls.com/blog-archive297f.html]
[www.thelondondolls.com/blog-archiveea4c.html]
[www.thelondondolls.com/blog-archiveea4c.html]
